{
  "results": [
    {
      "TITLE": "My talk title"
    }
  ]
}
